// Jest Snapshot v1, https://goo.gl/fbAQLP

exports[`Datepicker should render datepicker component 1`] = `
<div>
  <div
    class="sc-ejWHKt fBrLTR"
  >
    <div
      class="sc-cJPUEC fDNtvP"
    >
      <div
        class="sc-jeCNp jzRKyh"
      >
        From
      </div>
      <label
        class="sc-eywOmQ iwDjtA"
      >
        <div
          class="sc-eAzDjm jzhVsq"
        >
          <img
            class="sc-gUMnWI jFVMuc"
            src="./assets/icons/Calendar.svg"
          />
        </div>
        <input
          class="sc-hUOJWJ cdgnww"
          data-testid="input"
          placeholder="Choose Date"
          value=""
        />
      </label>
    </div>
    <div
      class="sc-cJPUEC fDNtvP"
    >
      <div
        class="sc-jeCNp jzRKyh"
      >
        To
      </div>
      <label
        class="sc-eywOmQ iwDjtA"
      >
        <div
          class="sc-eAzDjm jzhVsq"
        >
          <img
            class="sc-gUMnWI jFVMuc"
            src="./assets/icons/Calendar.svg"
          />
        </div>
        <input
          class="sc-hUOJWJ cdgnww"
          data-testid="input"
          placeholder="Choose Date"
          value=""
        />
      </label>
    </div>
  </div>
</div>
`;
