// Jest Snapshot v1, https://goo.gl/fbAQLP

exports[`Calendar should render calendar 1`] = `
<div>
  <div
    class="sc-jeCNp Xkkqk"
  >
    <div
      class="sc-eywOmQ hGvWpL"
      data-component="calendar"
      data-testid="calendar"
    >
      <label
        class="sc-fABZjn dcrGmw"
      >
        <input
          class="sc-gUMnWI"
          data-testid="checkbox"
          type="checkbox"
        />
        Select one date
      </label>
      <div
        class="sc-fFGjHI cTesYD"
      >
        <img
          class="sc-gxYJeL gtLXuB"
          data-testid="prev-year"
          src="./assets/icons/Prev-year.svg"
        />
        <img
          class="sc-dicizt fcdZOh"
          data-testid="prev"
          src="./assets/icons/Prev.svg"
        />
        <div
          class="sc-ewnqHT dkPinf"
          data-testid="month-row"
        >
          May
           
          2023
        </div>
        <img
          class="sc-iVCKna lStNQ"
          data-testid="next"
          src="./assets/icons/Next.svg"
        />
        <img
          class="sc-kPTPQs kPRTxN"
          data-testid="next-year"
          src="./assets/icons/Next-year.svg"
        />
      </div>
      <div
        class="sc-bgqQcB MEEiE"
      >
        <div
          class="sc-gTRrQi kXvLIr"
          data-testid="week-day"
        >
          Mo
        </div>
        <div
          class="sc-gTRrQi kXvLIr"
          data-testid="week-day"
        >
          Tu
        </div>
        <div
          class="sc-gTRrQi kXvLIr"
          data-testid="week-day"
        >
          We
        </div>
        <div
          class="sc-gTRrQi kXvLIr"
          data-testid="week-day"
        >
          Th
        </div>
        <div
          class="sc-gTRrQi kXvLIr"
          data-testid="week-day"
        >
          Fr
        </div>
        <div
          class="sc-gTRrQi kXvLIr"
          data-testid="week-day"
        >
          Sa
        </div>
        <div
          class="sc-gTRrQi kXvLIr"
          data-testid="week-day"
        >
          Su
        </div>
      </div>
      <div
        class="sc-ispOId frbOuu"
      >
        <button
          class="sc-kcuKUB kGbEAy"
          data-testid="date-button"
        >
          1
        </button>
        <button
          class="sc-kcuKUB hexppP"
          data-testid="date-button"
        >
          2
        </button>
        <button
          class="sc-kcuKUB hhGQQL"
          data-testid="date-button"
        >
          3
        </button>
        <button
          class="sc-kcuKUB hhGQQL"
          data-testid="date-button"
        >
          4
        </button>
        <button
          class="sc-kcuKUB hhGQQL"
          data-testid="date-button"
        >
          5
        </button>
        <button
          class="sc-kcuKUB cqPxRl"
          data-testid="date-button"
        >
          6
        </button>
        <button
          class="sc-kcuKUB cqPxRl"
          data-testid="date-button"
        >
          7
        </button>
        <button
          class="sc-kcuKUB hhGQQL"
          data-testid="date-button"
        >
          8
        </button>
        <button
          class="sc-kcuKUB hhGQQL"
          data-testid="date-button"
        >
          9
        </button>
        <button
          class="sc-kcuKUB hhGQQL"
          data-testid="date-button"
        >
          10
        </button>
        <button
          class="sc-kcuKUB hhGQQL"
          data-testid="date-button"
        >
          11
        </button>
        <button
          class="sc-kcuKUB hhGQQL"
          data-testid="date-button"
        >
          12
        </button>
        <button
          class="sc-kcuKUB joEMcC"
          data-testid="date-button"
        >
          13
        </button>
        <button
          class="sc-kcuKUB cqPxRl"
          data-testid="date-button"
        >
          14
        </button>
        <button
          class="sc-kcuKUB hhGQQL"
          data-testid="date-button"
        >
          15
        </button>
        <button
          class="sc-kcuKUB hhGQQL"
          data-testid="date-button"
        >
          16
        </button>
        <button
          class="sc-kcuKUB hhGQQL"
          data-testid="date-button"
        >
          17
        </button>
        <button
          class="sc-kcuKUB hhGQQL"
          data-testid="date-button"
        >
          18
        </button>
        <button
          class="sc-kcuKUB hhGQQL"
          data-testid="date-button"
        >
          19
        </button>
        <button
          class="sc-kcuKUB cqPxRl"
          data-testid="date-button"
        >
          20
        </button>
        <button
          class="sc-kcuKUB cqPxRl"
          data-testid="date-button"
        >
          21
        </button>
        <button
          class="sc-kcuKUB hhGQQL"
          data-testid="date-button"
        >
          22
        </button>
        <button
          class="sc-kcuKUB hhGQQL"
          data-testid="date-button"
        >
          23
        </button>
        <button
          class="sc-kcuKUB hhGQQL"
          data-testid="date-button"
        >
          24
        </button>
        <button
          class="sc-kcuKUB hhGQQL"
          data-testid="date-button"
        >
          25
        </button>
        <button
          class="sc-kcuKUB hhGQQL"
          data-testid="date-button"
        >
          26
        </button>
        <button
          class="sc-kcuKUB cqPxRl"
          data-testid="date-button"
        >
          27
        </button>
        <button
          class="sc-kcuKUB cqPxRl"
          data-testid="date-button"
        >
          28
        </button>
        <button
          class="sc-kcuKUB hhGQQL"
          data-testid="date-button"
        >
          29
        </button>
        <button
          class="sc-kcuKUB gleWRk"
          data-testid="date-button"
        >
          30
        </button>
        <button
          class="sc-kcuKUB kGbEAy"
          data-testid="date-button"
        >
          31
        </button>
        <button
          class="sc-kcuKUB eyworV"
          data-testid="date-button"
        >
          1
        </button>
        <button
          class="sc-kcuKUB eyworV"
          data-testid="date-button"
        >
          2
        </button>
        <button
          class="sc-kcuKUB iKSgUb"
          data-testid="date-button"
        >
          3
        </button>
        <button
          class="sc-kcuKUB iKSgUb"
          data-testid="date-button"
        >
          4
        </button>
        <button
          class="sc-kcuKUB eyworV"
          data-testid="date-button"
        >
          5
        </button>
        <button
          class="sc-kcuKUB eyworV"
          data-testid="date-button"
        >
          6
        </button>
        <button
          class="sc-kcuKUB eyworV"
          data-testid="date-button"
        >
          7
        </button>
        <button
          class="sc-kcuKUB eyworV"
          data-testid="date-button"
        >
          8
        </button>
        <button
          class="sc-kcuKUB eyworV"
          data-testid="date-button"
        >
          9
        </button>
        <button
          class="sc-kcuKUB iKSgUb"
          data-testid="date-button"
        >
          10
        </button>
        <button
          class="sc-kcuKUB iKSgUb"
          data-testid="date-button"
        >
          11
        </button>
      </div>
      <button
        class="sc-hUOJWJ fegIsK"
      >
        Clear
      </button>
    </div>
  </div>
</div>
`;
