// Jest Snapshot v1, https://goo.gl/fbAQLP

exports[`MonthRow should render MonthRow 1`] = `
<div>
  <div
    class="sc-gTRrQi keXuBg"
  >
    <img
      class="sc-dicizt ghilUp"
      data-testid="prev-year"
      src="./assets/icons/Prev-year.svg"
    />
    <img
      class="sc-ewnqHT gzNrMh"
      data-testid="prev"
      src="./assets/icons/Prev.svg"
    />
    <div
      class="sc-bgqQcB fnzUFW"
      data-testid="month-row"
    >
      May
       
      2023
    </div>
    <img
      class="sc-fFGjHI gHPgDo"
      data-testid="next"
      src="./assets/icons/Next.svg"
    />
    <img
      class="sc-iVCKna dYxFcU"
      data-testid="next-year"
      src="./assets/icons/Next-year.svg"
    />
  </div>
</div>
`;
